// Jest Snapshot v1, https://goo.gl/fbAQLP

exports[`ReactCursorPosition has correct default props 1`] = `
Object {
  "activationInteractionMouse": "hover",
  "activationInteractionTouch": "press",
  "hoverDelayInMs": 0,
  "hoverOffDelayInMs": 0,
  "isEnabled": true,
  "onActivationChanged": [Function],
  "onDetectedEnvironmentChanged": [Function],
  "onPositionChanged": [Function],
  "pressDurationInMs": 500,
  "pressMoveThreshold": 5,
  "shouldStopTouchMovePropagation": false,
  "tapDurationInMs": 180,
  "tapMoveThreshold": 5,
}
`;
